// Jest Snapshot v1, https://goo.gl/fbAQLP

exports[`<MovieReviews /> should render correctly 1`] = `
<div
  className="movie-card__reviews movie-card__row"
>
  <div
    className="movie-card__reviews-col"
  >
    <div
      className="review"
    >
      <blockquote
        className="review__quote"
      >
        <p
          className="review__text"
        >
          Some comment
        </p>
        <footer
          className="review__details"
        >
          <cite
            className="review__author"
          >
            Some User
          </cite>
          <time
            className="review__date"
            dateTime="Sun Mar 15 2020"
          >
            March 15, 2020
          </time>
        </footer>
      </blockquote>
      <div
        className="review__rating"
      >
        9
      </div>
    </div>
  </div>
  <div
    className="movie-card__reviews-col"
  />
</div>
`;
